{
  "root": {
    "name": "root",
    "path": "root",
    "files": [
      {
        "name": "a.go",
        "path": "root/a.go",
        "extension": "go",
        "isBinary": false,
        "quantities": {
          "author-count": 713,
          "commit-count": 151,
          "constants.count": 1,
          "cyclomatic-complexity.max": 849,
          "cyclomatic-complexity.min": 337,
          "cyclomatic-complexity.sum": 1710,
          "declarations.count": 6,
          "external.imports": 417,
          "file-age": 230,
          "file-freshness": 654,
          "file-lines": 890,
          "file-size": 72,
          "function-length.max": 855,
          "function-length.min": 739,
          "function-length.sum": 2444,
          "functions.count": 2,
          "imports": 582,
          "internal.imports": 235,
          "methods.count": 1,
          "private.constants.count": 1,
          "private.cyclomatic-complexity.max": 849,
          "private.cyclomatic-complexity.min": 849,
          "private.cyclomatic-complexity.sum": 849,
          "private.declarations.count": 3,
          "private.function-length.max": 739,
          "private.function-length.min": 739,
          "private.function-length.sum": 739,
          "private.functions.count": 1,
          "private.types.count": 1,
          "public.cyclomatic-complexity.max": 524,
          "public.cyclomatic-complexity.min": 337,
          "public.cyclomatic-complexity.sum": 861,
          "public.declarations.count": 3,
          "public.function-length.max": 855,
          "public.function-length.min": 850,
          "public.function-length.sum": 1705,
          "public.functions.count": 1,
          "public.methods.count": 1,
          "public.types.count": 1,
          "stdlib.imports": 8,
          "total-lines-added": 329,
          "total-lines-removed": 371,
          "types.count": 2
        },
        "measures": {
          "comment-ratio": 82.64,
          "commit-density": 94.37,
          "cyclomatic-complexity.mean": 570,
          "function-length.mean": 814.666667,
          "private.cyclomatic-complexity.mean": 849,
          "private.function-length.mean": 739,
          "public.cyclomatic-complexity.mean": 430.5,
          "public.function-length.mean": 852.5
        },
        "classifications": {
          "file-type": "gamma"
        }
      },
      {
        "name": "b.go",
        "path": "root/b.go",
        "extension": "go",
        "isBinary": false,
        "quantities": {
          "author-count": 676,
          "commit-count": 678,
          "constants.count": 1,
          "cyclomatic-complexity.max": 422,
          "cyclomatic-complexity.min": 288,
          "cyclomatic-complexity.sum": 1061,
          "declarations.count": 6,
          "external.imports": 830,
          "file-age": 839,
          "file-freshness": 199,
          "file-lines": 899,
          "file-size": 525,
          "function-length.max": 950,
          "function-length.min": 385,
          "function-length.sum": 2167,
          "functions.count": 2,
          "imports": 127,
          "internal.imports": 12,
          "methods.count": 1,
          "private.constants.count": 1,
          "private.cyclomatic-complexity.max": 288,
          "private.cyclomatic-complexity.min": 288,
          "private.cyclomatic-complexity.sum": 288,
          "private.declarations.count": 3,
          "private.function-length.max": 950,
          "private.function-length.min": 950,
          "private.function-length.sum": 950,
          "private.functions.count": 1,
          "private.types.count": 1,
          "public.cyclomatic-complexity.max": 422,
          "public.cyclomatic-complexity.min": 351,
          "public.cyclomatic-complexity.sum": 773,
          "public.declarations.count": 3,
          "public.function-length.max": 832,
          "public.function-length.min": 385,
          "public.function-length.sum": 1217,
          "public.functions.count": 1,
          "public.methods.count": 1,
          "public.types.count": 1,
          "stdlib.imports": 247,
          "total-lines-added": 860,
          "total-lines-removed": 346,
          "types.count": 2
        },
        "measures": {
          "comment-ratio": 28.43,
          "commit-density": 19.1,
          "cyclomatic-complexity.mean": 353.666667,
          "function-length.mean": 722.333333,
          "private.cyclomatic-complexity.mean": 288,
          "private.function-length.mean": 950,
          "public.cyclomatic-complexity.mean": 386.5,
          "public.function-length.mean": 608.5
        },
        "classifications": {
          "file-type": "beta"
        }
      }
    ],
    "directories": [
      {
        "name": "sub",
        "path": "root/sub",
        "files": [
          {
            "name": "c.go",
            "path": "root/sub/c.go",
            "extension": "go",
            "isBinary": false,
            "quantities": {
              "author-count": 374,
              "commit-count": 244,
              "constants.count": 1,
              "cyclomatic-complexity.max": 990,
              "cyclomatic-complexity.min": 81,
              "cyclomatic-complexity.sum": 2031,
              "declarations.count": 6,
              "external.imports": 904,
              "file-age": 109,
              "file-freshness": 853,
              "file-lines": 577,
              "file-size": 247,
              "function-length.max": 862,
              "function-length.min": 40,
              "function-length.sum": 1437,
              "functions.count": 2,
              "imports": 853,
              "internal.imports": 786,
              "methods.count": 1,
              "private.constants.count": 1,
              "private.cyclomatic-complexity.max": 990,
              "private.cyclomatic-complexity.min": 990,
              "private.cyclomatic-complexity.sum": 990,
              "private.declarations.count": 3,
              "private.function-length.max": 40,
              "private.function-length.min": 40,
              "private.function-length.sum": 40,
              "private.functions.count": 1,
              "private.types.count": 1,
              "public.cyclomatic-complexity.max": 960,
              "public.cyclomatic-complexity.min": 81,
              "public.cyclomatic-complexity.sum": 1041,
              "public.declarations.count": 3,
              "public.function-length.max": 862,
              "public.function-length.min": 535,
              "public.function-length.sum": 1397,
              "public.functions.count": 1,
              "public.methods.count": 1,
              "public.types.count": 1,
              "stdlib.imports": 105,
              "total-lines-added": 406,
              "total-lines-removed": 960,
              "types.count": 2
            },
            "measures": {
              "comment-ratio": 82.13,
              "commit-density": 83.24,
              "cyclomatic-complexity.mean": 677,
              "function-length.mean": 479,
              "private.cyclomatic-complexity.mean": 990,
              "private.function-length.mean": 40,
              "public.cyclomatic-complexity.mean": 520.5,
              "public.function-length.mean": 698.5
            },
            "classifications": {
              "file-type": "delta"
            }
          }
        ],
        "directories": [
          {
            "name": "deep",
            "path": "root/sub/deep",
            "files": [
              {
                "name": "d.go",
                "path": "root/sub/deep/d.go",
                "extension": "go",
                "isBinary": false,
                "quantities": {
                  "author-count": 526,
                  "commit-count": 840,
                  "constants.count": 1,
                  "cyclomatic-complexity.max": 709,
                  "cyclomatic-complexity.min": 170,
                  "cyclomatic-complexity.sum": 1515,
                  "declarations.count": 6,
                  "external.imports": 738,
                  "file-age": 427,
                  "file-freshness": 731,
                  "file-lines": 871,
                  "file-size": 489,
                  "function-length.max": 878,
                  "function-length.min": 23,
                  "function-length.sum": 1221,
                  "functions.count": 2,
                  "imports": 419,
                  "internal.imports": 32,
                  "methods.count": 1,
                  "private.constants.count": 1,
                  "private.cyclomatic-complexity.max": 170,
                  "private.cyclomatic-complexity.min": 170,
                  "private.cyclomatic-complexity.sum": 170,
                  "private.declarations.count": 3,
                  "private.function-length.max": 320,
                  "private.function-length.min": 320,
                  "private.function-length.sum": 320,
                  "private.functions.count": 1,
                  "private.types.count": 1,
                  "public.cyclomatic-complexity.max": 709,
                  "public.cyclomatic-complexity.min": 636,
                  "public.cyclomatic-complexity.sum": 1345,
                  "public.declarations.count": 3,
                  "public.function-length.max": 878,
                  "public.function-length.min": 23,
                  "public.function-length.sum": 901,
                  "public.functions.count": 1,
                  "public.methods.count": 1,
                  "public.types.count": 1,
                  "stdlib.imports": 491,
                  "total-lines-added": 678,
                  "total-lines-removed": 804,
                  "types.count": 2
                },
                "measures": {
                  "comment-ratio": 26.69,
                  "commit-density": 33.3,
                  "cyclomatic-complexity.mean": 505,
                  "function-length.mean": 407,
                  "private.cyclomatic-complexity.mean": 170,
                  "private.function-length.mean": 320,
                  "public.cyclomatic-complexity.mean": 672.5,
                  "public.function-length.mean": 450.5
                },
                "classifications": {
                  "file-type": "delta"
                }
              }
            ],
            "quantities": {
              "author-count.max": 526,
              "author-count.min": 526,
              "author-count.sum": 526,
              "commit-count.max": 840,
              "commit-count.min": 840,
              "commit-count.sum": 840,
              "constants.count": 1,
              "cyclomatic-complexity.max": 709,
              "cyclomatic-complexity.min": 170,
              "cyclomatic-complexity.sum": 1515,
              "declarations.count": 6,
              "external.imports.max": 738,
              "external.imports.min": 738,
              "external.imports.sum": 738,
              "file-age.max": 427,
              "file-age.min": 427,
              "file-age.sum": 427,
              "file-freshness.max": 731,
              "file-freshness.min": 731,
              "file-freshness.sum": 731,
              "file-lines.max": 871,
              "file-lines.min": 871,
              "file-lines.sum": 871,
              "file-size.max": 489,
              "file-size.min": 489,
              "file-size.sum": 489,
              "file-type.distinct": 1,
              "function-length.max": 878,
              "function-length.min": 23,
              "function-length.sum": 1221,
              "functions.count": 2,
              "imports.max": 419,
              "imports.min": 419,
              "imports.sum": 419,
              "internal.imports.max": 32,
              "internal.imports.min": 32,
              "internal.imports.sum": 32,
              "lines-added.max": 888,
              "lines-added.min": 677,
              "lines-added.sum": 1565,
              "lines-changed.max": 750,
              "lines-changed.min": 539,
              "lines-changed.sum": 1289,
              "lines-removed.max": 803,
              "lines-removed.min": 14,
              "lines-removed.sum": 817,
              "methods.count": 1,
              "private.constants.count": 1,
              "private.cyclomatic-complexity.max": 170,
              "private.cyclomatic-complexity.min": 170,
              "private.cyclomatic-complexity.sum": 170,
              "private.declarations.count": 3,
              "private.function-length.max": 320,
              "private.function-length.min": 320,
              "private.function-length.sum": 320,
              "private.functions.count": 1,
              "private.types.count": 1,
              "public.cyclomatic-complexity.max": 709,
              "public.cyclomatic-complexity.min": 636,
              "public.cyclomatic-complexity.sum": 1345,
              "public.declarations.count": 3,
              "public.function-length.max": 878,
              "public.function-length.min": 23,
              "public.function-length.sum": 901,
              "public.functions.count": 1,
              "public.methods.count": 1,
              "public.types.count": 1,
              "stdlib.imports.max": 491,
              "stdlib.imports.min": 491,
              "stdlib.imports.sum": 491,
              "total-lines-added.max": 678,
              "total-lines-added.min": 678,
              "total-lines-added.sum": 678,
              "total-lines-removed.max": 804,
              "total-lines-removed.min": 804,
              "total-lines-removed.sum": 804,
              "types.count": 2
            },
            "measures": {
              "author-count.mean": 526,
              "comment-ratio.max": 26.69,
              "comment-ratio.mean": 26.69,
              "comment-ratio.min": 26.69,
              "commit-count.mean": 840,
              "commit-density.max": 33.3,
              "commit-density.min": 33.3,
              "cyclomatic-complexity.mean": 505,
              "external.imports.mean": 738,
              "file-age.mean": 427,
              "file-freshness.mean": 731,
              "file-lines.mean": 871,
              "file-size.mean": 489,
              "function-length.mean": 407,
              "imports.mean": 419,
              "internal.imports.mean": 32,
              "lines-added.mean": 782.5,
              "lines-changed.mean": 644.5,
              "lines-removed.mean": 408.5,
              "private.cyclomatic-complexity.mean": 170,
              "private.function-length.mean": 320,
              "public.cyclomatic-complexity.mean": 672.5,
              "public.function-length.mean": 450.5,
              "stdlib.imports.mean": 491,
              "total-lines-added.mean": 678,
              "total-lines-removed.mean": 804
            },
            "classifications": {
              "file-type.mode": "delta"
            }
          }
        ],
        "quantities": {
          "author-count.max": 526,
          "author-count.min": 374,
          "author-count.sum": 900,
          "commit-count.max": 840,
          "commit-count.min": 244,
          "commit-count.sum": 1084,
          "constants.count": 2,
          "cyclomatic-complexity.max": 990,
          "cyclomatic-complexity.min": 81,
          "cyclomatic-complexity.sum": 3546,
          "declarations.count": 12,
          "external.imports.max": 904,
          "external.imports.min": 738,
          "external.imports.sum": 1642,
          "file-age.max": 427,
          "file-age.min": 109,
          "file-age.sum": 536,
          "file-freshness.max": 853,
          "file-freshness.min": 731,
          "file-freshness.sum": 1584,
          "file-lines.max": 871,
          "file-lines.min": 577,
          "file-lines.sum": 1448,
          "file-size.max": 489,
          "file-size.min": 247,
          "file-size.sum": 736,
          "file-type.distinct": 1,
          "function-length.max": 878,
          "function-length.min": 23,
          "function-length.sum": 2658,
          "functions.count": 4,
          "imports.max": 853,
          "imports.min": 419,
          "imports.sum": 1272,
          "internal.imports.max": 786,
          "internal.imports.min": 32,
          "internal.imports.sum": 818,
          "lines-added.max": 888,
          "lines-added.min": 135,
          "lines-added.sum": 2046,
          "lines-changed.max": 873,
          "lines-changed.min": 84,
          "lines-changed.sum": 2246,
          "lines-removed.max": 803,
          "lines-removed.min": 14,
          "lines-removed.sum": 1638,
          "methods.count": 2,
          "private.constants.count": 2,
          "private.cyclomatic-complexity.max": 990,
          "private.cyclomatic-complexity.min": 170,
          "private.cyclomatic-complexity.sum": 1160,
          "private.declarations.count": 6,
          "private.function-length.max": 320,
          "private.function-length.min": 40,
          "private.function-length.sum": 360,
          "private.functions.count": 2,
          "private.types.count": 2,
          "public.cyclomatic-complexity.max": 960,
          "public.cyclomatic-complexity.min": 81,
          "public.cyclomatic-complexity.sum": 2386,
          "public.declarations.count": 6,
          "public.function-length.max": 878,
          "public.function-length.min": 23,
          "public.function-length.sum": 2298,
          "public.functions.count": 2,
          "public.methods.count": 2,
          "public.types.count": 2,
          "stdlib.imports.max": 491,
          "stdlib.imports.min": 105,
          "stdlib.imports.sum": 596,
          "total-lines-added.max": 678,
          "total-lines-added.min": 406,
          "total-lines-added.sum": 1084,
          "total-lines-removed.max": 960,
          "total-lines-removed.min": 804,
          "total-lines-removed.sum": 1764,
          "types.count": 4
        },
        "measures": {
          "author-count.mean": 450,
          "comment-ratio.max": 82.13,
          "comment-ratio.mean": 54.41,
          "comment-ratio.min": 26.69,
          "commit-count.mean": 542,
          "commit-density.max": 83.24,
          "commit-density.min": 33.3,
          "cyclomatic-complexity.mean": 591,
          "external.imports.mean": 821,
          "file-age.mean": 268,
          "file-freshness.mean": 792,
          "file-lines.mean": 724,
          "file-size.mean": 368,
          "function-length.mean": 443,
          "imports.mean": 636,
          "internal.imports.mean": 409,
          "lines-added.mean": 511.5,
          "lines-changed.mean": 561.5,
          "lines-removed.mean": 409.5,
          "private.cyclomatic-complexity.mean": 580,
          "private.function-length.mean": 180,
          "public.cyclomatic-complexity.mean": 596.5,
          "public.function-length.mean": 574.5,
          "stdlib.imports.mean": 298,
          "total-lines-added.mean": 542,
          "total-lines-removed.mean": 882
        },
        "classifications": {
          "file-type.mode": "delta"
        }
      }
    ],
    "quantities": {
      "author-count.max": 713,
      "author-count.min": 374,
      "author-count.sum": 2289,
      "commit-count.max": 840,
      "commit-count.min": 151,
      "commit-count.sum": 1913,
      "constants.count": 4,
      "cyclomatic-complexity.max": 990,
      "cyclomatic-complexity.min": 81,
      "cyclomatic-complexity.sum": 6317,
      "declarations.count": 24,
      "external.imports.max": 904,
      "external.imports.min": 417,
      "external.imports.sum": 2889,
      "file-age.max": 839,
      "file-age.min": 109,
      "file-age.sum": 1605,
      "file-freshness.max": 853,
      "file-freshness.min": 199,
      "file-freshness.sum": 2437,
      "file-lines.max": 899,
      "file-lines.min": 577,
      "file-lines.sum": 3237,
      "file-size.max": 525,
      "file-size.min": 72,
      "file-size.sum": 1333,
      "file-type.distinct": 3,
      "function-length.max": 950,
      "function-length.min": 23,
      "function-length.sum": 7269,
      "functions.count": 8,
      "imports.max": 853,
      "imports.min": 127,
      "imports.sum": 1981,
      "internal.imports.max": 786,
      "internal.imports.min": 12,
      "internal.imports.sum": 1065,
      "lines-added.max": 888,
      "lines-added.min": 95,
      "lines-added.sum": 3796,
      "lines-changed.max": 911,
      "lines-changed.min": 84,
      "lines-changed.sum": 4452,
      "lines-removed.max": 803,
      "lines-removed.min": 14,
      "lines-removed.sum": 4364,
      "methods.count": 4,
      "private.constants.count": 4,
      "private.cyclomatic-complexity.max": 990,
      "private.cyclomatic-complexity.min": 170,
      "private.cyclomatic-complexity.sum": 2297,
      "private.declarations.count": 12,
      "private.function-length.max": 950,
      "private.function-length.min": 40,
      "private.function-length.sum": 2049,
      "private.functions.count": 4,
      "private.types.count": 4,
      "public.cyclomatic-complexity.max": 960,
      "public.cyclomatic-complexity.min": 81,
      "public.cyclomatic-complexity.sum": 4020,
      "public.declarations.count": 12,
      "public.function-length.max": 878,
      "public.function-length.min": 23,
      "public.function-length.sum": 5220,
      "public.functions.count": 4,
      "public.methods.count": 4,
      "public.types.count": 4,
      "stdlib.imports.max": 491,
      "stdlib.imports.min": 8,
      "stdlib.imports.sum": 851,
      "total-lines-added.max": 860,
      "total-lines-added.min": 329,
      "total-lines-added.sum": 2273,
      "total-lines-removed.max": 960,
      "total-lines-removed.min": 346,
      "total-lines-removed.sum": 2481,
      "types.count": 8
    },
    "measures": {
      "author-count.mean": 572.25,
      "comment-ratio.max": 82.64,
      "comment-ratio.mean": 54.9725,
      "comment-ratio.min": 26.69,
      "commit-count.mean": 478.25,
      "commit-density.max": 94.37,
      "commit-density.min": 19.1,
      "cyclomatic-complexity.mean": 526.416667,
      "external.imports.mean": 722.25,
      "file-age.mean": 401.25,
      "file-freshness.mean": 609.25,
      "file-lines.mean": 809.25,
      "file-size.mean": 333.25,
      "function-length.mean": 605.75,
      "imports.mean": 495.25,
      "internal.imports.mean": 266.25,
      "lines-added.mean": 474.5,
      "lines-changed.mean": 556.5,
      "lines-removed.mean": 545.5,
      "private.cyclomatic-complexity.mean": 574.25,
      "private.function-length.mean": 512.25,
      "public.cyclomatic-complexity.mean": 502.5,
      "public.function-length.mean": 652.5,
      "stdlib.imports.mean": 212.75,
      "total-lines-added.mean": 568.25,
      "total-lines-removed.mean": 620.25
    },
    "classifications": {
      "file-type.mode": "delta"
    }
  }
}
