<svg xmlns="http://www.w3.org/2000/svg" width="320" height="240">
<rect x="0.00" y="0.00" width="320.00" height="240.00" fill="rgb(255,255,255)" stroke="rgb(255,255,255)" stroke-width="0.0"/>
<line x1="160.00" y1="106.50" x2="166.36" y2="91.14" stroke="rgb(153,153,153)" stroke-width="0.5"/>
<line x1="160.00" y1="106.50" x2="175.36" y2="100.14" stroke="rgb(153,153,153)" stroke-width="0.5"/>
<line x1="160.00" y1="106.50" x2="153.64" y2="121.86" stroke="rgb(153,153,153)" stroke-width="0.5"/>
<line x1="153.64" y1="121.86" x2="182.16" y2="131.29" stroke="rgb(153,153,153)" stroke-width="0.5"/>
<line x1="153.64" y1="121.86" x2="165.57" y2="139.28" stroke="rgb(153,153,153)" stroke-width="0.5"/>
<line x1="153.64" y1="121.86" x2="147.28" y2="137.22" stroke="rgb(153,153,153)" stroke-width="0.5"/>
<line x1="153.64" y1="121.86" x2="128.62" y2="117.48" stroke="rgb(153,153,153)" stroke-width="0.5"/>
<line x1="128.62" y1="117.48" x2="115.69" y2="129.39" stroke="rgb(153,153,153)" stroke-width="0.5"/>
<line x1="128.62" y1="117.48" x2="111.08" y2="116.23" stroke="rgb(153,153,153)" stroke-width="0.5"/>
<line x1="160.00" y1="106.50" x2="153.64" y2="91.14" stroke="rgb(153,153,153)" stroke-width="0.5"/>
<line x1="153.64" y1="91.14" x2="147.28" y2="75.78" stroke="rgb(153,153,153)" stroke-width="0.5"/>
<circle cx="115.69" cy="129.39" r="6.65" fill="rgb(31,120,180)" stroke="rgb(51,51,51)" stroke-width="1.0"/>
<circle cx="182.16" cy="131.29" r="5.47" fill="rgb(31,120,180)" stroke="rgb(51,51,51)" stroke-width="1.0"/>
<circle cx="175.36" cy="100.14" r="4.35" fill="rgb(31,120,180)" stroke="rgb(51,51,51)" stroke-width="1.0"/>
<circle cx="160.00" cy="106.50" r="4.00" fill="rgb(68,68,68)" stroke="rgb(51,51,51)" stroke-width="1.0"/>
<circle cx="153.64" cy="121.86" r="4.00" fill="rgb(68,68,68)" stroke="rgb(51,51,51)" stroke-width="1.0"/>
<circle cx="128.62" cy="117.48" r="4.00" fill="rgb(68,68,68)" stroke="rgb(51,51,51)" stroke-width="1.0"/>
<circle cx="153.64" cy="91.14" r="4.00" fill="rgb(68,68,68)" stroke="rgb(51,51,51)" stroke-width="1.0"/>
<circle cx="147.28" cy="75.78" r="3.95" fill="rgb(178,223,138)" stroke="rgb(51,51,51)" stroke-width="1.0"/>
<circle cx="165.57" cy="139.28" r="3.78" fill="rgb(31,120,180)" stroke="rgb(51,51,51)" stroke-width="1.0"/>
<circle cx="166.36" cy="91.14" r="3.35" fill="rgb(178,223,138)" stroke="rgb(51,51,51)" stroke-width="1.0"/>
<circle cx="147.28" cy="137.22" r="3.26" fill="rgb(166,206,227)" stroke="rgb(51,51,51)" stroke-width="1.0"/>
<circle cx="111.08" cy="116.23" r="3.00" fill="rgb(51,160,44)" stroke="rgb(51,51,51)" stroke-width="1.0"/>
<text x="160.00" y="106.50" fill="rgb(34,34,34)" font-size="12.0" font-family="sans-serif" text-anchor="middle" dominant-baseline="central">root</text>
<text x="169.17" y="84.35" fill="rgb(34,34,34)" font-size="12.0" font-family="sans-serif" text-anchor="start" dominant-baseline="central" transform="rotate(-67.50 169.17 84.35)">readme.md</text>
<text x="183.07" y="96.94" fill="rgb(34,34,34)" font-size="12.0" font-family="sans-serif" text-anchor="start" dominant-baseline="central" transform="rotate(-22.50 183.07 96.94)">main.go</text>
<text x="150.58" y="129.25" fill="rgb(34,34,34)" font-size="12.0" font-family="sans-serif" text-anchor="end" dominant-baseline="central" transform="rotate(292.50 150.58 129.25)">src</text>
<text x="188.46" y="138.35" fill="rgb(34,34,34)" font-size="12.0" font-family="sans-serif" text-anchor="end" dominant-baseline="central" transform="rotate(228.21 188.46 138.35)">app.go</text>
<text x="166.87" y="146.96" fill="rgb(34,34,34)" font-size="12.0" font-family="sans-serif" text-anchor="end" dominant-baseline="central" transform="rotate(260.36 166.87 146.96)">util.go</text>
<text x="144.50" y="143.93" fill="rgb(34,34,34)" font-size="12.0" font-family="sans-serif" text-anchor="end" dominant-baseline="central" transform="rotate(292.50 144.50 143.93)">styles.css</text>
<text x="121.06" y="120.12" fill="rgb(34,34,34)" font-size="12.0" font-family="sans-serif" text-anchor="end" dominant-baseline="central" transform="rotate(340.71 121.06 120.12)">deep</text>
<text x="106.23" y="134.28" fill="rgb(34,34,34)" font-size="12.0" font-family="sans-serif" text-anchor="end" dominant-baseline="central" transform="rotate(332.68 106.23 134.28)">big.go</text>
<text x="104.22" y="117.60" fill="rgb(34,34,34)" font-size="12.0" font-family="sans-serif" text-anchor="end" dominant-baseline="central" transform="rotate(348.75 104.22 117.60)">note.txt</text>
<text x="150.58" y="83.75" fill="rgb(34,34,34)" font-size="12.0" font-family="sans-serif" text-anchor="end" dominant-baseline="central" transform="rotate(427.50 150.58 83.75)">docs</text>
<text x="144.23" y="68.44" fill="rgb(34,34,34)" font-size="12.0" font-family="sans-serif" text-anchor="end" dominant-baseline="central" transform="rotate(427.50 144.23 68.44)">guide.md</text>
<rect x="190.00" y="-18.00" width="114.00" height="242.00" fill="rgba(255,255,255,0.902)" stroke="rgba(153,153,153,0.800)" stroke-width="1.0"/>
<text x="257.50" y="2.00" fill="rgb(38,38,38)" font-size="13.0" font-family="sans-serif" text-anchor="middle" dominant-baseline="central">Fill</text>
<text x="257.50" y="18.00" fill="rgb(38,38,38)" font-size="13.0" font-family="sans-serif" text-anchor="middle" dominant-baseline="central">file-type</text>
<rect x="212.50" y="32.00" width="28.00" height="28.00" fill="rgb(166,206,227)" stroke="rgb(102,102,102)" stroke-width="0.5"/>
<text x="246.50" y="46.00" fill="rgb(51,51,51)" font-size="12.0" font-family="sans-serif" text-anchor="start" dominant-baseline="central">CSS</text>
<rect x="212.50" y="64.00" width="28.00" height="28.00" fill="rgb(31,120,180)" stroke="rgb(102,102,102)" stroke-width="0.5"/>
<text x="246.50" y="78.00" fill="rgb(51,51,51)" font-size="12.0" font-family="sans-serif" text-anchor="start" dominant-baseline="central">Go</text>
<rect x="212.50" y="96.00" width="28.00" height="28.00" fill="rgb(178,223,138)" stroke="rgb(102,102,102)" stroke-width="0.5"/>
<text x="246.50" y="110.00" fill="rgb(51,51,51)" font-size="12.0" font-family="sans-serif" text-anchor="start" dominant-baseline="central">Markdown</text>
<rect x="212.50" y="128.00" width="28.00" height="28.00" fill="rgb(51,160,44)" stroke="rgb(102,102,102)" stroke-width="0.5"/>
<text x="246.50" y="142.00" fill="rgb(51,51,51)" font-size="12.0" font-family="sans-serif" text-anchor="start" dominant-baseline="central">Text</text>
<text x="226.50" y="182.00" fill="rgb(38,38,38)" font-size="13.0" font-family="sans-serif" text-anchor="middle" dominant-baseline="central">Size</text>
<text x="226.50" y="198.00" fill="rgb(38,38,38)" font-size="13.0" font-family="sans-serif" text-anchor="middle" dominant-baseline="central">file-lines</text>
<text x="160.00" y="226.00" fill="rgba(128,128,128,0.784)" font-size="13.0" font-family="sans-serif" text-anchor="middle" dominant-baseline="central">code-visualizer golden</text>
</svg>
