<svg xmlns="http://www.w3.org/2000/svg" width="320" height="240">
<rect x="0.00" y="0.00" width="320.00" height="240.00" fill="rgb(255,255,255)" stroke="rgb(255,255,255)" stroke-width="0.0"/>
<rect x="96.00" y="48.00" width="46.00" height="69.00" fill="rgb(255,255,255)" stroke="rgb(119,119,119)" stroke-width="1.5"/>
<line x1="96.00" y1="48.00" x2="96.00" y2="117.00" stroke="rgb(221,221,221)" stroke-width="1.0"/>
<line x1="103.67" y1="48.00" x2="103.67" y2="117.00" stroke="rgb(221,221,221)" stroke-width="1.0"/>
<line x1="111.33" y1="48.00" x2="111.33" y2="117.00" stroke="rgb(221,221,221)" stroke-width="1.0"/>
<line x1="119.00" y1="48.00" x2="119.00" y2="117.00" stroke="rgb(221,221,221)" stroke-width="1.0"/>
<line x1="126.67" y1="48.00" x2="126.67" y2="117.00" stroke="rgb(221,221,221)" stroke-width="1.0"/>
<line x1="134.33" y1="48.00" x2="134.33" y2="117.00" stroke="rgb(221,221,221)" stroke-width="1.0"/>
<line x1="142.00" y1="48.00" x2="142.00" y2="117.00" stroke="rgb(221,221,221)" stroke-width="1.0"/>
<line x1="96.00" y1="117.00" x2="142.00" y2="117.00" stroke="rgb(221,221,221)" stroke-width="1.0"/>
<line x1="96.00" y1="107.14" x2="142.00" y2="107.14" stroke="rgb(221,221,221)" stroke-width="1.0"/>
<line x1="96.00" y1="97.29" x2="142.00" y2="97.29" stroke="rgb(221,221,221)" stroke-width="1.0"/>
<line x1="96.00" y1="87.43" x2="142.00" y2="87.43" stroke="rgb(221,221,221)" stroke-width="1.0"/>
<line x1="96.00" y1="77.57" x2="142.00" y2="77.57" stroke="rgb(221,221,221)" stroke-width="1.0"/>
<line x1="96.00" y1="67.71" x2="142.00" y2="67.71" stroke="rgb(221,221,221)" stroke-width="1.0"/>
<line x1="96.00" y1="57.86" x2="142.00" y2="57.86" stroke="rgb(221,221,221)" stroke-width="1.0"/>
<line x1="96.00" y1="48.00" x2="142.00" y2="48.00" stroke="rgb(221,221,221)" stroke-width="1.0"/>
<circle cx="126.83" cy="70.37" r="12.00" fill="rgb(31,120,180)" stroke="rgb(51,51,51)" stroke-width="1.0"/>
<circle cx="142.00" cy="48.00" r="12.00" fill="rgb(31,120,180)" stroke="rgb(51,51,51)" stroke-width="1.0"/>
<circle cx="108.14" cy="99.10" r="12.00" fill="rgb(178,223,138)" stroke="rgb(51,51,51)" stroke-width="1.0"/>
<circle cx="113.25" cy="91.57" r="12.00" fill="rgb(31,120,180)" stroke="rgb(51,51,51)" stroke-width="1.0"/>
<circle cx="96.00" cy="117.00" r="12.00" fill="rgb(51,160,44)" stroke="rgb(51,51,51)" stroke-width="1.0"/>
<circle cx="100.47" cy="110.41" r="12.00" fill="rgb(178,223,138)" stroke="rgb(51,51,51)" stroke-width="1.0"/>
<circle cx="99.35" cy="112.05" r="12.00" fill="rgb(166,206,227)" stroke="rgb(51,51,51)" stroke-width="1.0"/>
<circle cx="106.06" cy="102.16" r="12.00" fill="rgb(31,120,180)" stroke="rgb(51,51,51)" stroke-width="1.0"/>
<text x="119.00" y="173.00" fill="rgb(34,34,34)" font-size="12.0" font-family="sans-serif" text-anchor="middle" dominant-baseline="central">file-size</text>
<text x="24.00" y="82.50" fill="rgb(34,34,34)" font-size="12.0" font-family="sans-serif" text-anchor="middle" dominant-baseline="central" transform="rotate(-90.00 24.00 82.50)">file-lines</text>
<text x="96.00" y="135.00" fill="rgb(34,34,34)" font-size="10.0" font-family="sans-serif" text-anchor="middle" dominant-baseline="central">0</text>
<text x="103.67" y="135.00" fill="rgb(34,34,34)" font-size="10.0" font-family="sans-serif" text-anchor="middle" dominant-baseline="central">1000</text>
<text x="111.33" y="135.00" fill="rgb(34,34,34)" font-size="10.0" font-family="sans-serif" text-anchor="middle" dominant-baseline="central">2000</text>
<text x="119.00" y="135.00" fill="rgb(34,34,34)" font-size="10.0" font-family="sans-serif" text-anchor="middle" dominant-baseline="central">3000</text>
<text x="126.67" y="135.00" fill="rgb(34,34,34)" font-size="10.0" font-family="sans-serif" text-anchor="middle" dominant-baseline="central">4000</text>
<text x="134.33" y="135.00" fill="rgb(34,34,34)" font-size="10.0" font-family="sans-serif" text-anchor="middle" dominant-baseline="central">5000</text>
<text x="142.00" y="135.00" fill="rgb(34,34,34)" font-size="10.0" font-family="sans-serif" text-anchor="middle" dominant-baseline="central">6000</text>
<text x="88.00" y="117.00" fill="rgb(34,34,34)" font-size="10.0" font-family="sans-serif" text-anchor="end" dominant-baseline="central">0</text>
<text x="88.00" y="107.14" fill="rgb(34,34,34)" font-size="10.0" font-family="sans-serif" text-anchor="end" dominant-baseline="central">50</text>
<text x="88.00" y="97.29" fill="rgb(34,34,34)" font-size="10.0" font-family="sans-serif" text-anchor="end" dominant-baseline="central">100</text>
<text x="88.00" y="87.43" fill="rgb(34,34,34)" font-size="10.0" font-family="sans-serif" text-anchor="end" dominant-baseline="central">150</text>
<text x="88.00" y="77.57" fill="rgb(34,34,34)" font-size="10.0" font-family="sans-serif" text-anchor="end" dominant-baseline="central">200</text>
<text x="88.00" y="67.71" fill="rgb(34,34,34)" font-size="10.0" font-family="sans-serif" text-anchor="end" dominant-baseline="central">250</text>
<text x="88.00" y="57.86" fill="rgb(34,34,34)" font-size="10.0" font-family="sans-serif" text-anchor="end" dominant-baseline="central">300</text>
<text x="88.00" y="48.00" fill="rgb(34,34,34)" font-size="10.0" font-family="sans-serif" text-anchor="end" dominant-baseline="central">350</text>
<text x="126.83" y="70.37" fill="rgb(255,255,255)" font-size="8.0" font-family="sans-serif" text-anchor="middle" dominant-baseline="central">app…</text>
<text x="142.00" y="48.00" fill="rgb(255,255,255)" font-size="8.0" font-family="sans-serif" text-anchor="middle" dominant-baseline="central">big…</text>
<text x="108.14" y="99.10" fill="rgb(0,0,0)" font-size="8.0" font-family="sans-serif" text-anchor="middle" dominant-baseline="central">gui…</text>
<text x="113.25" y="91.57" fill="rgb(255,255,255)" font-size="8.0" font-family="sans-serif" text-anchor="middle" dominant-baseline="central">mai…</text>
<text x="96.00" y="117.00" fill="rgb(255,255,255)" font-size="8.0" font-family="sans-serif" text-anchor="middle" dominant-baseline="central">not…</text>
<text x="100.47" y="110.41" fill="rgb(0,0,0)" font-size="8.0" font-family="sans-serif" text-anchor="middle" dominant-baseline="central">rea…</text>
<text x="99.35" y="112.05" fill="rgb(0,0,0)" font-size="8.0" font-family="sans-serif" text-anchor="middle" dominant-baseline="central">sty…</text>
<text x="106.06" y="102.16" fill="rgb(255,255,255)" font-size="8.0" font-family="sans-serif" text-anchor="middle" dominant-baseline="central">uti…</text>
<rect x="190.00" y="-18.00" width="114.00" height="242.00" fill="rgba(255,255,255,0.902)" stroke="rgba(153,153,153,0.800)" stroke-width="1.0"/>
<text x="257.50" y="2.00" fill="rgb(38,38,38)" font-size="13.0" font-family="sans-serif" text-anchor="middle" dominant-baseline="central">Fill</text>
<text x="257.50" y="18.00" fill="rgb(38,38,38)" font-size="13.0" font-family="sans-serif" text-anchor="middle" dominant-baseline="central">file-type</text>
<rect x="212.50" y="32.00" width="28.00" height="28.00" fill="rgb(166,206,227)" stroke="rgb(102,102,102)" stroke-width="0.5"/>
<text x="246.50" y="46.00" fill="rgb(51,51,51)" font-size="12.0" font-family="sans-serif" text-anchor="start" dominant-baseline="central">CSS</text>
<rect x="212.50" y="64.00" width="28.00" height="28.00" fill="rgb(31,120,180)" stroke="rgb(102,102,102)" stroke-width="0.5"/>
<text x="246.50" y="78.00" fill="rgb(51,51,51)" font-size="12.0" font-family="sans-serif" text-anchor="start" dominant-baseline="central">Go</text>
<rect x="212.50" y="96.00" width="28.00" height="28.00" fill="rgb(178,223,138)" stroke="rgb(102,102,102)" stroke-width="0.5"/>
<text x="246.50" y="110.00" fill="rgb(51,51,51)" font-size="12.0" font-family="sans-serif" text-anchor="start" dominant-baseline="central">Markdown</text>
<rect x="212.50" y="128.00" width="28.00" height="28.00" fill="rgb(51,160,44)" stroke="rgb(102,102,102)" stroke-width="0.5"/>
<text x="246.50" y="142.00" fill="rgb(51,51,51)" font-size="12.0" font-family="sans-serif" text-anchor="start" dominant-baseline="central">Text</text>
<text x="226.50" y="182.00" fill="rgb(38,38,38)" font-size="13.0" font-family="sans-serif" text-anchor="middle" dominant-baseline="central">Size</text>
<text x="226.50" y="198.00" fill="rgb(38,38,38)" font-size="13.0" font-family="sans-serif" text-anchor="middle" dominant-baseline="central">file-lines</text>
<text x="160.00" y="226.00" fill="rgba(128,128,128,0.784)" font-size="13.0" font-family="sans-serif" text-anchor="middle" dominant-baseline="central">code-visualizer golden</text>
</svg>
